\BOOKMARK [0][-]{chapter.1}{\376\377\117\123\174\373\176\323\147\204\213\276\213\241}{}% 1
\BOOKMARK [1][-]{section.1.1}{\376\377\166\356\166\204}{chapter.1}% 2
\BOOKMARK [1][-]{section.1.2}{\376\377\117\123\174\373\176\323\147\204\230\316\150\074}{chapter.1}% 3
\BOOKMARK [1][-]{section.1.3}{\376\377\134\102\176\247\176\323\147\204}{chapter.1}% 4
\BOOKMARK [1][-]{section.1.4}{\376\377\117\123\174\373\176\323\147\204\163\257\130\203\126\376\124\214\123\237\127\213}{chapter.1}% 5
\BOOKMARK [2][-]{subsection.1.4.1}{\376\377\230\166\134\102\000\040\000-\000\040\150\041\126\355\133\146\147\057\155\073\122\250\146\172\200\375\143\250\203\120\136\163\123\360}{section.1.4}% 6
\BOOKMARK [2][-]{subsection.1.4.2}{\376\377\153\041\230\166\134\102\000\040\000-\000\040\147\015\122\241\126\150\172\357\133\120\174\373\176\337}{section.1.4}% 7
\BOOKMARK [2][-]{subsection.1.4.3}{\376\377\153\041\230\166\134\102\000\040\000-\000\040\133\242\142\067\172\357\133\120\174\373\176\337}{section.1.4}% 8
\BOOKMARK [2][-]{subsection.1.4.4}{\376\377\116\055\225\364\134\102\000\040\000-\000\040\147\015\122\241\126\150\172\357\133\120\174\373\176\337\166\204\177\121\176\334\152\041\127\127}{section.1.4}% 9
\BOOKMARK [2][-]{subsection.1.4.5}{\376\377\116\055\225\364\134\102\000\040\000-\000\040\147\015\122\241\126\150\172\357\133\120\174\373\176\337\166\204\145\160\143\156\136\223\152\041\127\127}{section.1.4}% 10
\BOOKMARK [2][-]{subsection.1.4.6}{\376\377\116\055\225\364\134\102\000\040\000-\000\040\147\015\122\241\126\150\172\357\133\120\174\373\176\337\166\204\145\160\143\156\131\004\164\006\116\016\143\250\203\120\152\041\127\127}{section.1.4}% 11
\BOOKMARK [2][-]{subsection.1.4.7}{\376\377\116\055\225\364\134\102\000\040\000-\000\040\147\015\122\241\126\150\172\357\133\120\174\373\176\337\166\204\145\345\172\013\173\241\164\006\152\041\127\127}{section.1.4}% 12
\BOOKMARK [2][-]{subsection.1.4.8}{\376\377\116\055\225\364\134\102\000\040\000-\000\040\133\242\142\067\172\357\133\120\174\373\176\337\166\204\177\121\176\334\152\041\127\127}{section.1.4}% 13
\BOOKMARK [2][-]{subsection.1.4.9}{\376\377\116\055\225\364\134\102\000\040\000-\000\040\133\242\142\067\172\357\133\120\174\373\176\337\166\204\145\160\143\156\211\343\147\220\152\041\127\127}{section.1.4}% 14
\BOOKMARK [2][-]{subsection.1.4.10}{\376\377\116\055\225\364\134\102\000\040\000-\000\040\133\242\142\067\172\357\133\120\174\373\176\337\166\204\165\050\142\067\165\114\227\142\152\041\127\127}{section.1.4}% 15
\BOOKMARK [0][-]{chapter.2}{\376\377\147\015\122\241\126\150\172\357\213\276\213\241}{}% 16
\BOOKMARK [1][-]{section.2.1}{\376\377\147\015\122\241\126\150\147\266\147\204}{chapter.2}% 17
\BOOKMARK [2][-]{subsection.2.1.1}{\376\377\210\150\171\072\134\102}{section.2.1}% 18
\BOOKMARK [2][-]{subsection.2.1.2}{\376\377\116\032\122\241\220\073\217\221\134\102}{section.2.1}% 19
\BOOKMARK [2][-]{subsection.2.1.3}{\376\377\145\160\143\156\213\277\225\356\134\102}{section.2.1}% 20
\BOOKMARK [2][-]{subsection.2.1.4}{\376\377\134\102\225\364\123\117\117\134\116\016\137\002\136\070\131\004\164\006}{section.2.1}% 21
\BOOKMARK [1][-]{section.2.2}{\376\377\147\015\122\241\126\150\131\004\164\006\155\101\172\013}{chapter.2}% 22
\BOOKMARK [2][-]{subsection.2.2.1}{\376\377\155\073\122\250\155\117\211\310\116\016\150\300\175\042\131\004\164\006\155\101\172\013}{section.2.2}% 23
\BOOKMARK [2][-]{subsection.2.2.2}{\376\377\116\052\140\047\123\026\143\250\203\120\131\004\164\006\155\101\172\013}{section.2.2}% 24
\BOOKMARK [2][-]{subsection.2.2.3}{\376\377\213\376\210\150\133\374\121\145\131\004\164\006\155\101\172\013}{section.2.2}% 25
\BOOKMARK [2][-]{subsection.2.2.4}{\376\377\116\000\225\056\122\240\121\145\145\345\172\013\116\016\121\262\172\201\150\300\155\113\131\004\164\006\155\101\172\013}{section.2.2}% 26
\BOOKMARK [2][-]{subsection.2.2.5}{\376\377\000I\000C\000S\000\040\133\374\121\372\131\004\164\006\155\101\172\013}{section.2.2}% 27
\BOOKMARK [2][-]{subsection.2.2.6}{\376\377\124\016\123\360\155\073\122\250\173\241\164\006\131\004\164\006\155\101\172\013}{section.2.2}% 28
\BOOKMARK [1][-]{section.2.3}{\376\377\145\160\143\156\136\223\213\276\213\241}{chapter.2}% 29
\BOOKMARK [2][-]{subsection.2.3.1}{\376\377\145\160\143\156\136\223\213\276\213\241\123\237\122\031}{section.2.3}% 30
\BOOKMARK [2][-]{subsection.2.3.2}{\376\377\145\160\143\156\136\223\000\040\000E\000R\000\040\126\376}{section.2.3}% 31
\BOOKMARK [2][-]{subsection.2.3.3}{\376\377\150\070\137\303\145\160\143\156\210\150\213\276\213\241}{section.2.3}% 32
\BOOKMARK [2][-]{subsection.2.3.4}{\376\377\210\150\121\163\174\373\213\276\213\241}{section.2.3}% 33
\BOOKMARK [2][-]{subsection.2.3.5}{\376\377\145\160\143\156\116\000\201\364\140\047\116\016\176\246\147\137\213\276\213\241}{section.2.3}% 34
\BOOKMARK [1][-]{section.2.4}{\376\377\124\016\172\357\152\041\127\127\213\276\213\241}{chapter.2}% 35
\BOOKMARK [2][-]{subsection.2.4.1}{\376\377\165\050\142\067\213\244\213\301\116\016\147\103\226\120\152\041\127\127}{section.2.4}% 36
\BOOKMARK [2][-]{subsection.2.4.2}{\376\377\155\073\122\250\117\341\140\157\173\241\164\006\152\041\127\127}{section.2.4}% 37
\BOOKMARK [2][-]{subsection.2.4.3}{\376\377\144\034\175\042\173\133\220\011\116\016\143\222\136\217\152\041\127\127}{section.2.4}% 38
\BOOKMARK [2][-]{subsection.2.4.4}{\376\377\116\052\140\047\123\026\143\250\203\120\152\041\127\127}{section.2.4}% 39
\BOOKMARK [2][-]{subsection.2.4.5}{\376\377\213\376\210\150\133\374\121\145\152\041\127\127}{section.2.4}% 40
\BOOKMARK [2][-]{subsection.2.4.6}{\376\377\145\345\123\206\116\016\121\262\172\201\150\300\155\113\152\041\127\127}{section.2.4}% 41
\BOOKMARK [2][-]{subsection.2.4.7}{\376\377\000I\000C\000S\000\040\133\374\121\372\152\041\127\127}{section.2.4}% 42
\BOOKMARK [2][-]{subsection.2.4.8}{\376\377\124\016\123\360\173\241\164\006\152\041\127\127}{section.2.4}% 43
\BOOKMARK [1][-]{section.2.5}{\376\377\145\160\143\156\136\223\116\016\162\054\206\153\152\041\127\127\213\276\213\241}{chapter.2}% 44
\BOOKMARK [2][-]{subsection.2.5.1}{\376\377\145\160\143\156\221\307\226\306\152\041\127\127\213\276\213\241}{section.2.5}% 45
\BOOKMARK [2][-]{subsection.2.5.2}{\376\377\162\054\206\153\145\160\143\156\156\220\213\276\213\241}{section.2.5}% 46
\BOOKMARK [2][-]{subsection.2.5.3}{\376\377\155\073\122\250\133\127\153\265\142\275\123\326\213\276\213\241}{section.2.5}% 47
\BOOKMARK [2][-]{subsection.2.5.4}{\376\377\145\160\143\156\156\005\155\027\116\016\123\273\221\315\213\276\213\241}{section.2.5}% 48
\BOOKMARK [2][-]{subsection.2.5.5}{\376\377\162\054\206\153\145\160\143\156\121\145\136\223\155\101\172\013}{section.2.5}% 49
\BOOKMARK [2][-]{subsection.2.5.6}{\376\377\162\054\206\153\213\260\137\125\116\016\137\002\136\070\131\004\164\006\213\276\213\241}{section.2.5}% 50
\BOOKMARK [0][-]{chapter.3}{\376\377\000U\000I\213\276\213\241}{}% 51
\BOOKMARK [1][-]{section.3.1}{\376\377\213\276\213\241\123\237\122\031}{chapter.3}% 52
\BOOKMARK [1][-]{section.3.2}{\376\377\000U\000I\000\040\123\237\127\213\213\276\213\241}{chapter.3}% 53
\BOOKMARK [2][-]{subsection.3.2.1}{\376\377\166\173\137\125\000/\154\350\121\214\230\165\227\142\213\276\213\241}{section.3.2}% 54
\BOOKMARK [2][-]{subsection.3.2.2}{\376\377\165\050\142\067\116\073\165\114\227\142\213\276\213\241}{section.3.2}% 55
\BOOKMARK [2][-]{subsection.3.2.3}{\376\377\155\073\122\250\122\027\210\150\230\165\227\142\213\276\213\241}{section.3.2}% 56
\BOOKMARK [2][-]{subsection.3.2.4}{\376\377\155\073\122\250\213\346\140\305\230\165\227\142\213\276\213\241}{section.3.2}% 57
\BOOKMARK [2][-]{subsection.3.2.5}{\376\377\145\345\123\206\230\165\227\142\213\276\213\241}{section.3.2}% 58
\BOOKMARK [2][-]{subsection.3.2.6}{\376\377\213\376\210\150\133\374\121\145\230\165\227\142\213\276\213\241}{section.3.2}% 59
\BOOKMARK [2][-]{subsection.3.2.7}{\376\377\116\052\116\272\116\055\137\303\230\165\227\142\213\276\213\241}{section.3.2}% 60
\BOOKMARK [2][-]{subsection.3.2.8}{\376\377\173\241\164\006\172\357\230\165\227\142\213\276\213\241}{section.3.2}% 61
\BOOKMARK [1][-]{section.3.3}{\376\377\145\345\123\206\211\306\126\376\116\016\162\266\140\001\150\007\213\306\213\276\213\241}{chapter.3}% 62
\BOOKMARK [2][-]{subsection.3.3.1}{\376\377\213\376\172\013\116\213\116\366\134\125\171\072}{section.3.3}% 63
\BOOKMARK [2][-]{subsection.3.3.2}{\376\377\135\362\122\240\121\145\155\073\122\250\134\125\171\072}{section.3.3}% 64
\BOOKMARK [2][-]{subsection.3.3.3}{\376\377\143\250\203\120\155\073\122\250\134\125\171\072}{section.3.3}% 65
\BOOKMARK [2][-]{subsection.3.3.4}{\376\377\121\262\172\201\155\073\122\250\134\125\171\072}{section.3.3}% 66
\BOOKMARK [2][-]{subsection.3.3.5}{\376\377\135\362\176\323\147\137\155\073\122\250\134\125\171\072}{section.3.3}% 67
\BOOKMARK [1][-]{section.3.4}{\376\377\122\115\124\016\172\357\116\244\116\222\230\165\227\142\213\364\146\016}{chapter.3}% 68
\BOOKMARK [2][-]{subsection.3.4.1}{\376\377\155\073\122\250\150\300\175\042\116\244\116\222}{section.3.4}% 69
\BOOKMARK [2][-]{subsection.3.4.2}{\376\377\122\240\121\145\145\345\172\013\116\244\116\222}{section.3.4}% 70
\BOOKMARK [2][-]{subsection.3.4.3}{\376\377\121\262\172\201\143\320\171\072\116\244\116\222}{section.3.4}% 71
\BOOKMARK [2][-]{subsection.3.4.4}{\376\377\213\376\210\150\133\374\121\145\116\244\116\222}{section.3.4}% 72
\BOOKMARK [2][-]{subsection.3.4.5}{\376\377\000I\000C\000S\000\040\133\374\121\372\116\244\116\222}{section.3.4}% 73
