\BOOKMARK [0][-]{chapter.1}{\376\377\230\171\166\356\151\202\217\360}{}% 1
\BOOKMARK [1][-]{section.1.1}{\376\377\230\171\166\356\200\314\146\157\173\200\217\360}{chapter.1}% 2
\BOOKMARK [0][-]{chapter.2}{\376\377\137\000\123\321\203\003\126\364}{}% 3
\BOOKMARK [1][-]{section.2.1}{\376\377\173\054\116\000\226\066\153\265\137\000\123\321\203\003\126\364}{chapter.2}% 4
\BOOKMARK [1][-]{section.2.2}{\376\377\146\202\177\023\137\000\123\321\122\237\200\375}{chapter.2}% 5
\BOOKMARK [1][-]{section.2.3}{\376\377\147\000\134\017\123\357\116\244\116\330\162\110\147\054\213\364\146\016}{chapter.2}% 6
\BOOKMARK [0][-]{chapter.3}{\376\377\140\073\117\123\137\000\123\321\145\271\150\110}{}% 7
\BOOKMARK [1][-]{section.3.1}{\376\377\174\373\176\337\140\073\117\123\147\266\147\204}{chapter.3}% 8
\BOOKMARK [1][-]{section.3.2}{\376\377\122\115\172\357\137\000\123\321\145\271\150\110}{chapter.3}% 9
\BOOKMARK [1][-]{section.3.3}{\376\377\124\016\172\357\137\000\123\321\145\271\150\110}{chapter.3}% 10
\BOOKMARK [1][-]{section.3.4}{\376\377\145\160\143\156\136\223\116\016\162\054\206\153\137\000\123\321\145\271\150\110}{chapter.3}% 11
\BOOKMARK [1][-]{section.3.5}{\376\377\155\113\213\325\116\016\145\207\150\143\137\000\123\321\145\271\150\110}{chapter.3}% 12
\BOOKMARK [0][-]{chapter.4}{\376\377\142\020\124\130\122\006\135\345}{}% 13
\BOOKMARK [1][-]{section.4.1}{\376\377\126\342\226\037\211\322\202\162\122\022\122\006}{chapter.4}% 14
\BOOKMARK [1][-]{section.4.2}{\376\377\142\020\124\130\121\167\117\123\116\373\122\241}{chapter.4}% 15
\BOOKMARK [0][-]{chapter.5}{\376\377\116\373\122\241\122\006\211\343}{}% 16
\BOOKMARK [1][-]{section.5.1}{\376\377\122\115\172\357\116\373\122\241\122\006\211\343}{chapter.5}% 17
\BOOKMARK [1][-]{section.5.2}{\376\377\124\016\172\357\116\373\122\241\122\006\211\343}{chapter.5}% 18
\BOOKMARK [1][-]{section.5.3}{\376\377\162\054\206\153\116\016\145\160\143\156\136\223\116\373\122\241\122\006\211\343}{chapter.5}% 19
\BOOKMARK [1][-]{section.5.4}{\376\377\155\113\213\325\116\016\145\207\150\143\116\373\122\241\122\006\211\343}{chapter.5}% 20
\BOOKMARK [1][-]{section.5.5}{\376\377\116\373\122\241\117\235\215\126\121\163\174\373}{chapter.5}% 21
\BOOKMARK [0][-]{chapter.6}{\376\377\217\333\136\246\133\211\143\222}{}% 22
\BOOKMARK [1][-]{section.6.1}{\376\377\140\073\117\123\143\222\147\037}{chapter.6}% 23
\BOOKMARK [1][-]{section.6.2}{\376\377\173\054\116\000\226\066\153\265\377\032\230\171\166\356\122\035\131\313\123\026\116\016\127\372\170\100\224\376\215\357}{chapter.6}% 24
\BOOKMARK [1][-]{section.6.3}{\376\377\173\054\116\214\226\066\153\265\377\032\150\070\137\303\116\032\122\241\122\237\200\375\137\000\123\321}{chapter.6}% 25
\BOOKMARK [1][-]{section.6.4}{\376\377\173\054\116\011\226\066\153\265\377\032\200\124\214\003\116\016\122\237\200\375\133\214\125\204}{chapter.6}% 26
\BOOKMARK [1][-]{section.6.5}{\376\377\173\054\126\333\226\066\153\265\377\032\155\113\213\325\060\001\117\356\131\015\116\016\116\244\116\330\121\306\131\007}{chapter.6}% 27
\BOOKMARK [0][-]{chapter.7}{\376\377\226\066\153\265\140\047\221\314\172\013\170\221}{}% 28
\BOOKMARK [0][-]{chapter.8}{\376\377\123\117\117\134\145\271\137\017}{}% 29
\BOOKMARK [1][-]{section.8.1}{\376\377\000G\000i\000t\000\040\123\117\117\134\211\304\203\003}{chapter.8}% 30
\BOOKMARK [1][-]{section.8.2}{\376\377\122\006\145\057\173\241\164\006\211\304\203\003}{chapter.8}% 31
\BOOKMARK [1][-]{section.8.3}{\376\377\145\207\150\143\124\014\153\145\211\304\203\003}{chapter.8}% 32
\BOOKMARK [1][-]{section.8.4}{\376\377\176\304\124\130\154\237\220\032\200\124\176\334}{chapter.8}% 33
\BOOKMARK [0][-]{chapter.9}{\376\377\155\113\213\325\116\016\232\214\145\066\213\241\122\022}{}% 34
\BOOKMARK [1][-]{section.9.1}{\376\377\122\237\200\375\155\113\213\325\213\241\122\022}{chapter.9}% 35
\BOOKMARK [1][-]{section.9.2}{\376\377\143\245\123\343\155\113\213\325\213\241\122\022}{chapter.9}% 36
\BOOKMARK [1][-]{section.9.3}{\376\377\200\124\214\003\155\113\213\325\213\241\122\022}{chapter.9}% 37
\BOOKMARK [1][-]{section.9.4}{\376\377\232\214\145\066\157\024\171\072\155\101\172\013}{chapter.9}% 38
\BOOKMARK [0][-]{chapter.10}{\376\377\230\316\226\151\116\016\136\224\133\371\143\252\145\275}{}% 39
\BOOKMARK [0][-]{chapter.11}{\376\377\116\244\116\330\213\241\122\022}{}% 40
\BOOKMARK [1][-]{section.11.1}{\376\377\116\343\170\001\116\244\116\330}{chapter.11}% 41
\BOOKMARK [1][-]{section.11.2}{\376\377\145\160\143\156\136\223\116\244\116\330}{chapter.11}% 42
\BOOKMARK [1][-]{section.11.3}{\376\377\145\207\150\143\116\244\116\330}{chapter.11}% 43
\BOOKMARK [1][-]{section.11.4}{\376\377\157\024\171\072\116\244\116\330}{chapter.11}% 44
